// Jest Snapshot v1, https://goo.gl/fbAQLP

exports[`Header renders correctly 1`] = `
<div>
  <header
    class="relative z-10 mx-auto flex h-[70px] min-h-[70px] w-full max-w-[1440px] items-center justify-between border-b border-border px-4"
  >
    <a
      href="/"
    >
      <h2
        class="text-2xl font-bold sm:text-4xl"
      >
        Emluck
      </h2>
    </a>
    <div
      class="hidden items-center justify-start gap-4 sm:flex"
      data-testid="desktop-nav"
    >
      <a
        href="/about-us"
      >
        <button
          class="inline-flex items-center justify-center gap-2 whitespace-nowrap rounded-md text-sm font-medium ring-offset-background transition-colors focus-visible:outline-none focus-visible:ring-2 focus-visible:ring-ring focus-visible:ring-offset-2 disabled:pointer-events-none disabled:opacity-50 [&_svg]:pointer-events-none [&_svg]:size-4 [&_svg]:shrink-0 hover:bg-accent hover:text-accent-foreground h-10 px-4 py-2"
        >
          Biz Kimiz
        </button>
      </a>
      <a
        href="/listing?mode=sale&page=1&size=9"
      >
        <button
          class="inline-flex items-center justify-center gap-2 whitespace-nowrap rounded-md text-sm font-medium ring-offset-background transition-colors focus-visible:outline-none focus-visible:ring-2 focus-visible:ring-ring focus-visible:ring-offset-2 disabled:pointer-events-none disabled:opacity-50 [&_svg]:pointer-events-none [&_svg]:size-4 [&_svg]:shrink-0 hover:bg-accent hover:text-accent-foreground h-10 px-4 py-2"
        >
          Satılık İlanlar
        </button>
      </a>
      <a
        href="/listing?mode=rent&page=1&size=9"
      >
        <button
          class="inline-flex items-center justify-center gap-2 whitespace-nowrap rounded-md text-sm font-medium ring-offset-background transition-colors focus-visible:outline-none focus-visible:ring-2 focus-visible:ring-ring focus-visible:ring-offset-2 disabled:pointer-events-none disabled:opacity-50 [&_svg]:pointer-events-none [&_svg]:size-4 [&_svg]:shrink-0 hover:bg-accent hover:text-accent-foreground h-10 px-4 py-2"
        >
          Kiralık İlanlar
        </button>
      </a>
      <button
        aria-expanded="false"
        aria-haspopup="menu"
        class="inline-flex items-center justify-center gap-2 whitespace-nowrap rounded-md text-sm font-medium ring-offset-background transition-colors focus-visible:outline-none focus-visible:ring-2 focus-visible:ring-ring focus-visible:ring-offset-2 disabled:pointer-events-none disabled:opacity-50 [&_svg]:pointer-events-none [&_svg]:size-4 [&_svg]:shrink-0 border border-input bg-background hover:bg-accent hover:text-accent-foreground h-10 w-10"
        data-state="closed"
        id="radix-:r0:"
        type="button"
      >
        <svg
          class="lucide lucide-sun h-[1.2rem] w-[1.2rem] rotate-0 scale-100 transition-all dark:-rotate-90 dark:scale-0"
          fill="none"
          height="24"
          stroke="currentColor"
          stroke-linecap="round"
          stroke-linejoin="round"
          stroke-width="2"
          viewBox="0 0 24 24"
          width="24"
          xmlns="http://www.w3.org/2000/svg"
        >
          <circle
            cx="12"
            cy="12"
            r="4"
          />
          <path
            d="M12 2v2"
          />
          <path
            d="M12 20v2"
          />
          <path
            d="m4.93 4.93 1.41 1.41"
          />
          <path
            d="m17.66 17.66 1.41 1.41"
          />
          <path
            d="M2 12h2"
          />
          <path
            d="M20 12h2"
          />
          <path
            d="m6.34 17.66-1.41 1.41"
          />
          <path
            d="m19.07 4.93-1.41 1.41"
          />
        </svg>
        <svg
          class="lucide lucide-moon absolute h-[1.2rem] w-[1.2rem] rotate-90 scale-0 transition-all dark:rotate-0 dark:scale-100"
          fill="none"
          height="24"
          stroke="currentColor"
          stroke-linecap="round"
          stroke-linejoin="round"
          stroke-width="2"
          viewBox="0 0 24 24"
          width="24"
          xmlns="http://www.w3.org/2000/svg"
        >
          <path
            d="M12 3a6 6 0 0 0 9 9 9 9 0 1 1-9-9Z"
          />
        </svg>
        <span
          class="sr-only"
        >
          Toggle theme
        </span>
      </button>
    </div>
    <div
      class="block sm:hidden"
      data-testid="mobile-nav"
    >
      <button
        aria-expanded="false"
        aria-haspopup="menu"
        class="inline-flex items-center justify-center gap-2 whitespace-nowrap rounded-md text-sm font-medium ring-offset-background transition-colors focus-visible:outline-none focus-visible:ring-2 focus-visible:ring-ring focus-visible:ring-offset-2 disabled:pointer-events-none disabled:opacity-50 [&_svg]:pointer-events-none [&_svg]:size-4 [&_svg]:shrink-0 border border-input bg-background hover:bg-accent hover:text-accent-foreground h-10 w-10"
        data-state="closed"
        id="radix-:r2:"
        type="button"
      >
        <svg
          class="h-[1.2rem] w-[1.2rem]"
          fill="none"
          height="15"
          viewBox="0 0 15 15"
          width="15"
          xmlns="http://www.w3.org/2000/svg"
        >
          <path
            clip-rule="evenodd"
            d="M1.5 3C1.22386 3 1 3.22386 1 3.5C1 3.77614 1.22386 4 1.5 4H13.5C13.7761 4 14 3.77614 14 3.5C14 3.22386 13.7761 3 13.5 3H1.5ZM1 7.5C1 7.22386 1.22386 7 1.5 7H13.5C13.7761 7 14 7.22386 14 7.5C14 7.77614 13.7761 8 13.5 8H1.5C1.22386 8 1 7.77614 1 7.5ZM1 11.5C1 11.2239 1.22386 11 1.5 11H13.5C13.7761 11 14 11.2239 14 11.5C14 11.7761 13.7761 12 13.5 12H1.5C1.22386 12 1 11.7761 1 11.5Z"
            fill="currentColor"
            fill-rule="evenodd"
          />
        </svg>
      </button>
    </div>
  </header>
</div>
`;
